// Jest Snapshot v1, https://goo.gl/fbAQLP

exports[`CreateComponent Create dummy component 1`] = `
<View>
  <View
    style={
      [
        {
          "backgroundColor": "rgba(231, 224, 236, 1)",
          "borderTopLeftRadius": 4,
          "borderTopRightRadius": 4,
        },
        {},
      ]
    }
  >
    <View
      collapsable={false}
      style={
        {
          "backgroundColor": "rgba(28, 27, 31, 1)",
          "bottom": 0,
          "height": 1,
          "left": 0,
          "position": "absolute",
          "right": 0,
          "transform": [
            {
              "scaleY": 0.5,
            },
          ],
          "zIndex": 1,
        }
      }
      testID="text-input-underline"
    />
    <View
      style={
        [
          {
            "paddingBottom": 0,
            "paddingTop": 0,
          },
          {
            "minHeight": 56,
          },
        ]
      }
    >
      <View
        collapsable={false}
        pointerEvents="none"
        style={
          {
            "bottom": 0,
            "left": 0,
            "opacity": 0,
            "position": "absolute",
            "right": 0,
            "top": 0,
            "transform": [
              {
                "translateX": 4,
              },
            ],
            "zIndex": 3,
          }
        }
      >
        <Text
          collapsable={false}
          maxFontSizeMultiplier={1.5}
          numberOfLines={1}
          onLayout={[Function]}
          style={
            {
              "color": "rgba(103, 80, 164, 1)",
              "fontFamily": "System",
              "fontSize": 16,
              "fontWeight": undefined,
              "left": 0,
              "letterSpacing": 0.15,
              "lineHeight": undefined,
              "opacity": 0,
              "paddingLeft": 16,
              "paddingRight": 16,
              "position": "absolute",
              "textAlign": "left",
              "top": 30,
              "transform": [
                {
                  "translateX": 0,
                },
                {
                  "translateY": -12,
                },
                {
                  "scale": 0.75,
                },
              ],
              "writingDirection": "ltr",
            }
          }
          testID="text-input-flat-label-active"
        >
          someTargetField
        </Text>
        <Text
          collapsable={false}
          maxFontSizeMultiplier={1.5}
          numberOfLines={1}
          style={
            {
              "color": "rgba(73, 69, 79, 1)",
              "fontFamily": "System",
              "fontSize": 16,
              "fontWeight": undefined,
              "left": 0,
              "letterSpacing": 0.15,
              "lineHeight": undefined,
              "opacity": 0,
              "paddingLeft": 16,
              "paddingRight": 16,
              "position": "absolute",
              "textAlign": "left",
              "top": 30,
              "transform": [
                {
                  "translateX": 0,
                },
                {
                  "translateY": -12,
                },
                {
                  "scale": 0.75,
                },
              ],
              "writingDirection": "ltr",
            }
          }
          testID="text-input-flat-label-inactive"
        >
          someTargetField
        </Text>
      </View>
      <TextInput
        editable={true}
        maxFontSizeMultiplier={1.5}
        multiline={false}
        onBlur={[Function]}
        onChangeText={[Function]}
        onFocus={[Function]}
        placeholder=" "
        placeholderTextColor="rgba(73, 69, 79, 1)"
        selectionColor="rgba(103, 80, 164, 1)"
        style={
          [
            {
              "margin": 0,
            },
            {
              "paddingLeft": 16,
              "paddingRight": 16,
            },
            {
              "height": 56,
            },
            {
              "paddingBottom": 4,
              "paddingTop": 24,
            },
            {
              "color": "rgba(73, 69, 79, 1)",
              "fontFamily": "System",
              "fontSize": 16,
              "fontWeight": undefined,
              "letterSpacing": 0.15,
              "lineHeight": undefined,
              "textAlign": "left",
              "textAlignVertical": "center",
            },
            false,
            [
              {},
            ],
            undefined,
          ]
        }
        testID="text-input-flat"
        underlineColorAndroid="transparent"
        value="Hello World!"
      />
    </View>
  </View>
</View>
`;
